{
    "componentType": "exe",
    "componentUnitId": "hie-bios-0.8.0-inplace-hie-bios",
    "componentCompilerArgs": [
        "-fbuilding-cabal-package",
        "-O",
        "-outputdir",
        "/home/hugin/Documents/haskell/hie-bios/sbi-dist/build/x86_64-linux/ghc-8.10.2/hie-bios-0.8.0/x/hie-bios/build",
        "-odir",
        "/home/hugin/Documents/haskell/hie-bios/sbi-dist/build/x86_64-linux/ghc-8.10.2/hie-bios-0.8.0/x/hie-bios/build",
        "-hidir",
        "/home/hugin/Documents/haskell/hie-bios/sbi-dist/build/x86_64-linux/ghc-8.10.2/hie-bios-0.8.0/x/hie-bios/build",
        "-stubdir",
        "/home/hugin/Documents/haskell/hie-bios/sbi-dist/build/x86_64-linux/ghc-8.10.2/hie-bios-0.8.0/x/hie-bios/build",
        "-i",
        "-i/home/hugin/Documents/haskell/hie-bios/sbi-dist/build/x86_64-linux/ghc-8.10.2/hie-bios-0.8.0/x/hie-bios/build",
        "-iexe",
        "-i/home/hugin/Documents/haskell/hie-bios/sbi-dist/build/x86_64-linux/ghc-8.10.2/hie-bios-0.8.0/x/hie-bios/build/hie-bios/autogen",
        "-i/home/hugin/Documents/haskell/hie-bios/sbi-dist/build/x86_64-linux/ghc-8.10.2/hie-bios-0.8.0/x/hie-bios/build/global-autogen",
        "-I/home/hugin/Documents/haskell/hie-bios/sbi-dist/build/x86_64-linux/ghc-8.10.2/hie-bios-0.8.0/x/hie-bios/build/hie-bios/autogen",
        "-I/home/hugin/Documents/haskell/hie-bios/sbi-dist/build/x86_64-linux/ghc-8.10.2/hie-bios-0.8.0/x/hie-bios/build/global-autogen",
        "-I/home/hugin/Documents/haskell/hie-bios/sbi-dist/build/x86_64-linux/ghc-8.10.2/hie-bios-0.8.0/x/hie-bios/build",
        "-optP-include",
        "-optP/home/hugin/Documents/haskell/hie-bios/sbi-dist/build/x86_64-linux/ghc-8.10.2/hie-bios-0.8.0/x/hie-bios/build/hie-bios/autogen/cabal_macros.h",
        "-hide-all-packages",
        "-Wmissing-home-modules",
        "-no-user-package-db",
        "-package-db",
        "/home/hugin/.cabal/store/ghc-8.10.2/package.db",
        "-package-db",
        "/home/hugin/Documents/haskell/hie-bios/sbi-dist/packagedb/ghc-8.10.2",
        "-package-id",
        "base-4.14.1.0",
        "-package-id",
        "directory-1.3.6.0",
        "-package-id",
        "filepath-1.4.2.1",
        "-package-id",
        "ghc-8.10.2",
        "-package-id",
        "hie-bios-0.8.0-inplace",
        "-package-id",
        "optparse-applicative-0.16.1.0-3acfb75fbd5640500f21bbb96187945f0375b608eef5c784f89ce7874606084e",
        "-XHaskell2010",
        "-Wall"
    ],
    "componentName": "exe:hie-bios",
    "componentSrcDir": "/home/hugin/Documents/haskell/hie-bios",
    "componentCabalFile": "./hie-bios.cabal",
    "componentModules": [
        "Paths_hie_bios"
    ],
    "componentSrcFiles": [
        "Main.hs"
    ],
    "componentHsSrcDirs": [
        "exe"
    ]
}