{
    "cabal-lib-version": "3.5.0.0",
    "compiler": {
        "compiler-id": "ghc-8.10.2",
        "flavour": "ghc",
        "path": "/home/hugin/.ghcup/bin/ghc"
    },
    "components": [
        {
            "cabal-file": "./hie-bios.cabal",
            "compiler-args": [
                "-fbuilding-cabal-package",
                "-O",
                "-outputdir",
                "/home/hugin/Documents/haskell/hie-bios/sbi-dist/build/x86_64-linux/ghc-8.10.2/hie-bios-0.8.0/t/bios-tests/build",
                "-odir",
                "/home/hugin/Documents/haskell/hie-bios/sbi-dist/build/x86_64-linux/ghc-8.10.2/hie-bios-0.8.0/t/bios-tests/build",
                "-hidir",
                "/home/hugin/Documents/haskell/hie-bios/sbi-dist/build/x86_64-linux/ghc-8.10.2/hie-bios-0.8.0/t/bios-tests/build",
                "-stubdir",
                "/home/hugin/Documents/haskell/hie-bios/sbi-dist/build/x86_64-linux/ghc-8.10.2/hie-bios-0.8.0/t/bios-tests/build",
                "-i",
                "-i/home/hugin/Documents/haskell/hie-bios/sbi-dist/build/x86_64-linux/ghc-8.10.2/hie-bios-0.8.0/t/bios-tests/build",
                "-itests/",
                "-i/home/hugin/Documents/haskell/hie-bios/sbi-dist/build/x86_64-linux/ghc-8.10.2/hie-bios-0.8.0/t/bios-tests/build/bios-tests/autogen",
                "-i/home/hugin/Documents/haskell/hie-bios/sbi-dist/build/x86_64-linux/ghc-8.10.2/hie-bios-0.8.0/t/bios-tests/build/global-autogen",
                "-I/home/hugin/Documents/haskell/hie-bios/sbi-dist/build/x86_64-linux/ghc-8.10.2/hie-bios-0.8.0/t/bios-tests/build/bios-tests/autogen",
                "-I/home/hugin/Documents/haskell/hie-bios/sbi-dist/build/x86_64-linux/ghc-8.10.2/hie-bios-0.8.0/t/bios-tests/build/global-autogen",
                "-I/home/hugin/Documents/haskell/hie-bios/sbi-dist/build/x86_64-linux/ghc-8.10.2/hie-bios-0.8.0/t/bios-tests/build",
                "-optP-include",
                "-optP/home/hugin/Documents/haskell/hie-bios/sbi-dist/build/x86_64-linux/ghc-8.10.2/hie-bios-0.8.0/t/bios-tests/build/bios-tests/autogen/cabal_macros.h",
                "-hide-all-packages",
                "-Wmissing-home-modules",
                "-no-user-package-db",
                "-package-db",
                "/home/hugin/.cabal/store/ghc-8.10.2/package.db",
                "-package-db",
                "/home/hugin/Documents/haskell/hie-bios/sbi-dist/packagedb/ghc-8.10.2",
                "-package-id",
                "base-4.14.1.0",
                "-package-id",
                "directory-1.3.6.0",
                "-package-id",
                "extra-1.7.9-6f94da3821f2f5df7b0cd80e72f6f8ebd26d26ff383fd20a81fabf8cc11bc903",
                "-package-id",
                "filepath-1.4.2.1",
                "-package-id",
                "ghc-8.10.2",
                "-package-id",
                "hie-bios-0.8.0-inplace",
                "-package-id",
                "hspec-expectations-0.8.2-11f90462d5e431df81b25328b04cb411cf0ca37af031cd34778e87da4627cf93",
                "-package-id",
                "tasty-1.4.1-e6da0d494262e4c3fb8053a71d96afda4e6e7ca553aa7f058d2b3b51dadfdca4",
                "-package-id",
                "tasty-expected-failure-0.12.3-e2fee64b02ee688db6dae754df968add96026cc783fb4ae74e530dd758e74672",
                "-package-id",
                "tasty-hunit-0.10.0.3-fa24ecf7c165e73769c497954f12b4a010de5a0a48705fd8c020c34bebd30a79",
                "-package-id",
                "temporary-1.3-a2f4de1637445b855d4cd15fa2ba342f6f2240f26890409692ddf6040856a06d",
                "-XHaskell2010",
                "-threaded",
                "-Wall"
            ],
            "hs-src-dirs": [
                "tests/"
            ],
            "modules": [],
            "name": "test:bios-tests",
            "src-dir": "/home/hugin/Documents/haskell/hie-bios/",
            "src-files": [
                "BiosTests.hs"
            ],
            "type": "test",
            "unit-id": "hie-bios-0.8.0-inplace-bios-tests"
        },
        {
            "cabal-file": "./hie-bios.cabal",
            "compiler-args": [
                "-fbuilding-cabal-package",
                "-O",
                "-outputdir",
                "/home/hugin/Documents/haskell/hie-bios/sbi-dist/build/x86_64-linux/ghc-8.10.2/hie-bios-0.8.0/t/parser-tests/build",
                "-odir",
                "/home/hugin/Documents/haskell/hie-bios/sbi-dist/build/x86_64-linux/ghc-8.10.2/hie-bios-0.8.0/t/parser-tests/build",
                "-hidir",
                "/home/hugin/Documents/haskell/hie-bios/sbi-dist/build/x86_64-linux/ghc-8.10.2/hie-bios-0.8.0/t/parser-tests/build",
                "-stubdir",
                "/home/hugin/Documents/haskell/hie-bios/sbi-dist/build/x86_64-linux/ghc-8.10.2/hie-bios-0.8.0/t/parser-tests/build",
                "-i",
                "-i/home/hugin/Documents/haskell/hie-bios/sbi-dist/build/x86_64-linux/ghc-8.10.2/hie-bios-0.8.0/t/parser-tests/build",
                "-itests/",
                "-i/home/hugin/Documents/haskell/hie-bios/sbi-dist/build/x86_64-linux/ghc-8.10.2/hie-bios-0.8.0/t/parser-tests/build/parser-tests/autogen",
                "-i/home/hugin/Documents/haskell/hie-bios/sbi-dist/build/x86_64-linux/ghc-8.10.2/hie-bios-0.8.0/t/parser-tests/build/global-autogen",
                "-I/home/hugin/Documents/haskell/hie-bios/sbi-dist/build/x86_64-linux/ghc-8.10.2/hie-bios-0.8.0/t/parser-tests/build/parser-tests/autogen",
                "-I/home/hugin/Documents/haskell/hie-bios/sbi-dist/build/x86_64-linux/ghc-8.10.2/hie-bios-0.8.0/t/parser-tests/build/global-autogen",
                "-I/home/hugin/Documents/haskell/hie-bios/sbi-dist/build/x86_64-linux/ghc-8.10.2/hie-bios-0.8.0/t/parser-tests/build",
                "-optP-include",
                "-optP/home/hugin/Documents/haskell/hie-bios/sbi-dist/build/x86_64-linux/ghc-8.10.2/hie-bios-0.8.0/t/parser-tests/build/parser-tests/autogen/cabal_macros.h",
                "-hide-all-packages",
                "-Wmissing-home-modules",
                "-no-user-package-db",
                "-package-db",
                "/home/hugin/.cabal/store/ghc-8.10.2/package.db",
                "-package-db",
                "/home/hugin/Documents/haskell/hie-bios/sbi-dist/packagedb/ghc-8.10.2",
                "-package-id",
                "base-4.14.1.0",
                "-package-id",
                "filepath-1.4.2.1",
                "-package-id",
                "hie-bios-0.8.0-inplace",
                "-package-id",
                "hspec-expectations-0.8.2-11f90462d5e431df81b25328b04cb411cf0ca37af031cd34778e87da4627cf93",
                "-package-id",
                "tasty-1.4.1-e6da0d494262e4c3fb8053a71d96afda4e6e7ca553aa7f058d2b3b51dadfdca4",
                "-package-id",
                "tasty-hunit-0.10.0.3-fa24ecf7c165e73769c497954f12b4a010de5a0a48705fd8c020c34bebd30a79",
                "-package-id",
                "text-1.2.3.2",
                "-package-id",
                "unordered-containers-0.2.14.0-2e0a245e7aafabf17c35bc444786a396306e63a00e99aa8cb8b22059cfb0d1df",
                "-package-id",
                "yaml-0.11.5.0-a1a1ae625876da4c6b690ef405530d6c0d468fa1fbf8908855650a06ce071c98",
                "-XHaskell2010",
                "-threaded",
                "-Wall"
            ],
            "hs-src-dirs": [
                "tests/"
            ],
            "modules": [],
            "name": "test:parser-tests",
            "src-dir": "/home/hugin/Documents/haskell/hie-bios/",
            "src-files": [
                "ParserTests.hs"
            ],
            "type": "test",
            "unit-id": "hie-bios-0.8.0-inplace-parser-tests"
        }
    ]
}