{
    "componentType": "test",
    "componentUnitId": "hie-bios-0.8.0-inplace-parser-tests",
    "componentCompilerArgs": [
        "-fbuilding-cabal-package",
        "-O",
        "-outputdir",
        "/home/hugin/Documents/haskell/hie-bios/sbi-dist/build/x86_64-linux/ghc-8.10.2/hie-bios-0.8.0/t/parser-tests/build",
        "-odir",
        "/home/hugin/Documents/haskell/hie-bios/sbi-dist/build/x86_64-linux/ghc-8.10.2/hie-bios-0.8.0/t/parser-tests/build",
        "-hidir",
        "/home/hugin/Documents/haskell/hie-bios/sbi-dist/build/x86_64-linux/ghc-8.10.2/hie-bios-0.8.0/t/parser-tests/build",
        "-stubdir",
        "/home/hugin/Documents/haskell/hie-bios/sbi-dist/build/x86_64-linux/ghc-8.10.2/hie-bios-0.8.0/t/parser-tests/build",
        "-i",
        "-i/home/hugin/Documents/haskell/hie-bios/sbi-dist/build/x86_64-linux/ghc-8.10.2/hie-bios-0.8.0/t/parser-tests/build",
        "-itests/",
        "-i/home/hugin/Documents/haskell/hie-bios/sbi-dist/build/x86_64-linux/ghc-8.10.2/hie-bios-0.8.0/t/parser-tests/build/parser-tests/autogen",
        "-i/home/hugin/Documents/haskell/hie-bios/sbi-dist/build/x86_64-linux/ghc-8.10.2/hie-bios-0.8.0/t/parser-tests/build/global-autogen",
        "-I/home/hugin/Documents/haskell/hie-bios/sbi-dist/build/x86_64-linux/ghc-8.10.2/hie-bios-0.8.0/t/parser-tests/build/parser-tests/autogen",
        "-I/home/hugin/Documents/haskell/hie-bios/sbi-dist/build/x86_64-linux/ghc-8.10.2/hie-bios-0.8.0/t/parser-tests/build/global-autogen",
        "-I/home/hugin/Documents/haskell/hie-bios/sbi-dist/build/x86_64-linux/ghc-8.10.2/hie-bios-0.8.0/t/parser-tests/build",
        "-optP-include",
        "-optP/home/hugin/Documents/haskell/hie-bios/sbi-dist/build/x86_64-linux/ghc-8.10.2/hie-bios-0.8.0/t/parser-tests/build/parser-tests/autogen/cabal_macros.h",
        "-hide-all-packages",
        "-Wmissing-home-modules",
        "-no-user-package-db",
        "-package-db",
        "/home/hugin/.cabal/store/ghc-8.10.2/package.db",
        "-package-db",
        "/home/hugin/Documents/haskell/hie-bios/sbi-dist/packagedb/ghc-8.10.2",
        "-package-id",
        "base-4.14.1.0",
        "-package-id",
        "filepath-1.4.2.1",
        "-package-id",
        "hie-bios-0.8.0-inplace",
        "-package-id",
        "hspec-expectations-0.8.2-11f90462d5e431df81b25328b04cb411cf0ca37af031cd34778e87da4627cf93",
        "-package-id",
        "tasty-1.4.1-e6da0d494262e4c3fb8053a71d96afda4e6e7ca553aa7f058d2b3b51dadfdca4",
        "-package-id",
        "tasty-hunit-0.10.0.3-fa24ecf7c165e73769c497954f12b4a010de5a0a48705fd8c020c34bebd30a79",
        "-package-id",
        "text-1.2.3.2",
        "-package-id",
        "unordered-containers-0.2.14.0-2e0a245e7aafabf17c35bc444786a396306e63a00e99aa8cb8b22059cfb0d1df",
        "-package-id",
        "yaml-0.11.5.0-a1a1ae625876da4c6b690ef405530d6c0d468fa1fbf8908855650a06ce071c98",
        "-XHaskell2010",
        "-threaded",
        "-Wall"
    ],
    "componentName": "test:parser-tests",
    "componentSrcDir": "/home/hugin/Documents/haskell/hie-bios/",
    "componentCabalFile": "./hie-bios.cabal",
    "componentModules": [],
    "componentSrcFiles": [
        "ParserTests.hs"
    ],
    "componentHsSrcDirs": [
        "tests/"
    ]
}