{
    "unit-id": "hie-bios-0.8.0-inplace",
    "hs-src-dirs": [
        "src"
    ],
    "src-files": [],
    "name": "lib",
    "compiler-args": [
        "-fbuilding-cabal-package",
        "-O",
        "-outputdir",
        "/home/hugin/Documents/haskell/hie-bios/sbi-dist/build/x86_64-linux/ghc-8.10.2/hie-bios-0.8.0/build",
        "-odir",
        "/home/hugin/Documents/haskell/hie-bios/sbi-dist/build/x86_64-linux/ghc-8.10.2/hie-bios-0.8.0/build",
        "-hidir",
        "/home/hugin/Documents/haskell/hie-bios/sbi-dist/build/x86_64-linux/ghc-8.10.2/hie-bios-0.8.0/build",
        "-stubdir",
        "/home/hugin/Documents/haskell/hie-bios/sbi-dist/build/x86_64-linux/ghc-8.10.2/hie-bios-0.8.0/build",
        "-i",
        "-i/home/hugin/Documents/haskell/hie-bios/sbi-dist/build/x86_64-linux/ghc-8.10.2/hie-bios-0.8.0/build",
        "-isrc",
        "-i/home/hugin/Documents/haskell/hie-bios/sbi-dist/build/x86_64-linux/ghc-8.10.2/hie-bios-0.8.0/build/autogen",
        "-i/home/hugin/Documents/haskell/hie-bios/sbi-dist/build/x86_64-linux/ghc-8.10.2/hie-bios-0.8.0/build/global-autogen",
        "-I/home/hugin/Documents/haskell/hie-bios/sbi-dist/build/x86_64-linux/ghc-8.10.2/hie-bios-0.8.0/build/autogen",
        "-I/home/hugin/Documents/haskell/hie-bios/sbi-dist/build/x86_64-linux/ghc-8.10.2/hie-bios-0.8.0/build/global-autogen",
        "-I/home/hugin/Documents/haskell/hie-bios/sbi-dist/build/x86_64-linux/ghc-8.10.2/hie-bios-0.8.0/build",
        "-optP-include",
        "-optP/home/hugin/Documents/haskell/hie-bios/sbi-dist/build/x86_64-linux/ghc-8.10.2/hie-bios-0.8.0/build/autogen/cabal_macros.h",
        "-this-unit-id",
        "hie-bios-0.8.0-inplace",
        "-hide-all-packages",
        "-Wmissing-home-modules",
        "-no-user-package-db",
        "-package-db",
        "/home/hugin/.cabal/store/ghc-8.10.2/package.db",
        "-package-db",
        "/home/hugin/Documents/haskell/hie-bios/sbi-dist/packagedb/ghc-8.10.2",
        "-package-id",
        "aeson-1.5.6.0-2075850e0374fbf7e282ba67495988d64c7f4aac29474c848a99e1f9a8303552",
        "-package-id",
        "base-4.14.1.0",
        "-package-id",
        "base16-bytestring-1.0.1.0-9f11fc286491f106a9ef784dbd62d74f1270ad38dd03d9b8cbaa41c1bbf814c8",
        "-package-id",
        "bytestring-0.10.10.0",
        "-package-id",
        "conduit-1.3.4.1-54d150862fbd0cc24b8b9a269645e0feee09185e41ff968cd169a070d5f71b33",
        "-package-id",
        "conduit-extra-1.3.5-69cfb263949292baa3d0bb1e7feed7f28dcb3223f7b294a547fd51f88ef711e9",
        "-package-id",
        "containers-0.6.2.1",
        "-package-id",
        "cryptohash-sha1-0.11.100.1-14baaf787c73c6727e20fcfc7a790bc5174c4e306aed060b8c8b6b1ef8651fc8",
        "-package-id",
        "deepseq-1.4.4.0",
        "-package-id",
        "directory-1.3.6.0",
        "-package-id",
        "extra-1.7.9-6f94da3821f2f5df7b0cd80e72f6f8ebd26d26ff383fd20a81fabf8cc11bc903",
        "-package-id",
        "file-embed-0.0.14.0-3ddf48073a38149a26bf6bf84c6c26d6f1a6f10460254ac7d5391780bb8d09c6",
        "-package-id",
        "filepath-1.4.2.1",
        "-package-id",
        "ghc-8.10.2",
        "-package-id",
        "hslogger-1.3.1.0-e8ec8e1f569c1d95c5010e16839a53058debb455b33341304195cf288111208c",
        "-package-id",
        "process-1.6.9.0",
        "-package-id",
        "temporary-1.3-a2f4de1637445b855d4cd15fa2ba342f6f2240f26890409692ddf6040856a06d",
        "-package-id",
        "text-1.2.3.2",
        "-package-id",
        "time-1.9.3",
        "-package-id",
        "transformers-0.5.6.2",
        "-package-id",
        "unix-compat-0.5.3-c6c5849e8649617a1bd8cefc425ea49ceb3e617460fe5c23a2305e03a8efe5cb",
        "-package-id",
        "unordered-containers-0.2.14.0-2e0a245e7aafabf17c35bc444786a396306e63a00e99aa8cb8b22059cfb0d1df",
        "-package-id",
        "vector-0.12.3.0-5cacb8cde54a34ce5fc6fa72c797cbac9526692e6b6615a4135e90a8df4747d9",
        "-package-id",
        "yaml-0.11.5.0-a1a1ae625876da4c6b690ef405530d6c0d468fa1fbf8908855650a06ce071c98",
        "-XHaskell2010",
        "-Wall"
    ],
    "modules": [
        "HIE.Bios",
        "HIE.Bios.Config",
        "HIE.Bios.Cradle",
        "HIE.Bios.Environment",
        "HIE.Bios.Internal.Debug",
        "HIE.Bios.Flags",
        "HIE.Bios.Types",
        "HIE.Bios.Internal.Log",
        "HIE.Bios.Cabal.BuildInfo",
        "HIE.Bios.Ghc.Api",
        "HIE.Bios.Ghc.Check",
        "HIE.Bios.Ghc.Doc",
        "HIE.Bios.Ghc.Gap",
        "HIE.Bios.Ghc.Load",
        "HIE.Bios.Ghc.Logger",
        "HIE.Bios.Wrappers",
        "Paths_hie_bios"
    ],
    "cabal-file": "./hie-bios.cabal",
    "src-dir": "/home/hugin/Documents/haskell/hie-bios/",
    "type": "lib"
}